// Jest Snapshot v1, https://goo.gl/fbAQLP

exports[`<Home /> should render 1`] = `
<RNCSafeAreaProvider
  onInsetsChange={[Function]}
  style={
    [
      {
        "flex": 1,
      },
      undefined,
    ]
  }
>
  <RNCSafeAreaView
    edges={
      [
        "bottom",
        "left",
        "right",
        "top",
      ]
    }
    style={
      [
        {
          "alignItems": "center",
          "flexBasis": 0,
          "flexGrow": 1,
          "flexShrink": 1,
          "justifyContent": "center",
        },
        undefined,
      ]
    }
    testID="view:home"
  >
    <Text
      style={
        [
          {
            "color": "#D82034",
            "fontSize": 28,
            "letterSpacing": 0.56,
            "lineHeight": 36,
          },
          undefined,
        ]
      }
    >
      home:title
    </Text>
  </RNCSafeAreaView>
</RNCSafeAreaProvider>
`;
