// Jest Snapshot v1, https://goo.gl/fbAQLP

exports[`Themes should keep shape 1`] = `
{
  "defaultTheme": {
    "pallete": {
      "brand": {
        "primary": "#D82034",
      },
      "foreground": "#000000",
    },
    "typography": {
      "title": {
        "fontSize": 28,
        "letterSpacing": 0.56,
        "lineHeight": 36,
      },
    },
  },
}
`;
